package secretresource

import (
	"github.com/giantswarm/microerror"
	"github.com/giantswarm/micrologger"
	corev1 "k8s.io/api/core/v1"
	"k8s.io/client-go/kubernetes"
)

type Config struct {
	Client      kubernetes.Interface
	Logger      micrologger.Logger
	StateGetter StateGetter

	Name string
}

type Resource struct {
	client      kubernetes.Interface
	logger      micrologger.Logger
	stateGetter StateGetter

	name string
}

func New(config Config) (*Resource, error) {
	if config.Client == nil {
		return nil, microerror.Maskf(invalidConfigError, "%T.Client must not be empty", config)
	}
	if config.Logger == nil {
		return nil, microerror.Maskf(invalidConfigError, "%T.Logger must not be empty", config)
	}
	if config.StateGetter == nil {
		return nil, microerror.Maskf(invalidConfigError, "%T.StateGetter must not be empty", config)
	}

	if config.Name == "" {
		return nil, microerror.Maskf(invalidConfigError, "%T.Name must not be empty", config)
	}

	r := &Resource{
		client:      config.Client,
		logger:      config.Logger,
		stateGetter: config.StateGetter,

		name: config.Name,
	}

	return r, nil
}

func (r *Resource) Name() string {
	return r.name
}

func containsSecret(secrets []*corev1.Secret, secret *corev1.Secret) bool {
	for _, a := range secrets {
		if secret.Name == a.Name && secret.Namespace == a.Namespace {
			return true
		}
	}

	return false
}

func toSecrets(v interface{}) ([]*corev1.Secret, error) {
	x, ok := v.([]*corev1.Secret)
	if !ok {
		return nil, microerror.Maskf(wrongTypeError, "expected '%T', got '%T'", x, v)
	}

	return x, nil
}
